// Jest Snapshot v1, https://goo.gl/fbAQLP

exports[`testing <Table> component renders correctly 1`] = `
<table
  align="center"
  border={0}
  cellPadding={0}
  cellSpacing={0}
  className="table"
>
  <h1>
    Table text
  </h1>
</table>
`;
